
> web-app@0.1.0 build
> next build

Γû▓ Next.js 16.1.1 (Turbopack)

  Creating an optimized production build ...
node.exe : Error: Cannot 
apply unknown utility 
class `border-border`. 
Are you using CSS modules 
or similar and missing 
`@reference`? https://tail
windcss.com/docs/functions
-and-directives#reference-
directive
At line:1 char:1
+ & "C:\nvm4w\nodejs/node.
exe" "C:\nvm4w\nodejs/node
_modules/npm/bin/np ...
+ ~~~~~~~~~~~~~~~~~~~~~~~~
~~~~~~~~~~~~~~~~~~~~~~~~~~
~~~~~~~~~~~~~~~~~~~
    + CategoryInfo        
      : NotSpecified: (E  
  rror: Cannot a...renc   
 e-directive:String) [    
], RemoteException
    + FullyQualifiedError 
   Id : NativeCommandErr  
  or
 
    [2m[at 
onInvalidCandidate (D:\pro
jects\Triveni_Tech\web-app
\node_modules\tailwindcss\
dist\lib.js:21:1314)][0m
    [2m[at Te (D:\project
s\Triveni_Tech\web-app\nod
e_modules\tailwindcss\dist
\lib.js:16:36652)][0m
    [2m[at D:\projects\Tr
iveni_Tech\web-app\node_mo
dules\tailwindcss\dist\lib
.js:21:355][0m
    [2m[at Rr (D:\project
s\Triveni_Tech\web-app\nod
e_modules\tailwindcss\dist
\lib.js:3:1718)][0m
    [2m[at _ (D:\projects
\Triveni_Tech\web-app\node
_modules\tailwindcss\dist\
lib.js:3:1377)][0m
    [2m[at $e (D:\project
s\Triveni_Tech\web-app\nod
e_modules\tailwindcss\dist
\lib.js:21:172)][0m
    [2m[at un (D:\project
s\Triveni_Tech\web-app\nod
e_modules\tailwindcss\dist
\lib.js:38:294)][0m
    [2m[at process.proces
sTicksAndRejections (node:
internal/process/task_queu
es:105:5)][0m
    [2m[at async cn (D:\p
rojects\Triveni_Tech\web-a
pp\node_modules\tailwindcs
s\dist\lib.js:38:631)][0m
    [2m[at async Xr (D:\p
rojects\Triveni_Tech\web-a
pp\node_modules\@tailwindc
ss\node\dist\index.js:10:3
417)][0m

> Build error occurred
Error: Turbopack build 
failed with 1 errors:
./src/app/globals.css
Error evaluating Node.js 
code
CssSyntaxError: 
tailwindcss: D:\projects\T
riveni_Tech\web-app\src\ap
p\globals.css:1:1: Cannot 
apply unknown utility 
class `border-border`. 
Are you using CSS modules 
or similar and missing 
`@reference`? https://tail
windcss.com/docs/functions
-and-directives#reference-
directive
    at Input.error (node_m
odules/postcss/lib/input.j
s:135:16) [D:\projects\Tri
veni_Tech\web-app\.next\bu
ild\chunks\node_modules_fe
693df6._.js:4651:22]
    at Root.error (node_mo
dules/postcss/lib/node.js:
146:32) [D:\projects\Trive
ni_Tech\web-app\.next\buil
d\chunks\node_modules_fe69
3df6._.js:928:38]
    [at Object.Once (D:\pr
ojects\Triveni_Tech\web-ap
p\node_modules\@tailwindcs
s\postcss\dist\index.js:10
:6911)]
    [at process.processTic
ksAndRejections (node:inte
rnal/process/task_queues:1
05:5)]
    at async 
LazyResult.runAsync (node_
modules/postcss/lib/lazy-r
esult.js:293:11) [D:\proje
cts\Triveni_Tech\web-app\.
next\build\chunks\node_mod
ules_fe693df6._.js:6206:21
]
    at async transform (tu
rbopack:///[turbopack-node
]/transforms/postcss.ts:70
:34) [D:\projects\Triveni_
Tech\web-app\.next\build\c
hunks\[root-of-the-server]
__51225daf._.js:146:36]
    at async run (turbopac
k:///[turbopack-node]/ipc/
evaluate.ts:92:23) [D:\pro
jects\Triveni_Tech\web-app
\.next\build\chunks\[root-
of-the-server]__974941ed._
.js:443:31]

Import trace:
  Client Component 
Browser:
    ./src/app/globals.css 
[Client Component Browser]
    ./src/app/layout.tsx 
[Server Component]


    at async transform (tu
rbopack:///[turbopack-node
]/transforms/postcss.ts:70
:34) [D:\projects\Triveni_
Tech\web-app\.next\build\c
hunks\[root-of-the-server]
__51225daf._.js:146:36])
    at async run (turbopac
k:///[turbopack-node]/ipc/
evaluate.ts:92:23) [D:\pro
jects\Triveni_Tech\web-app
\.next\build\chunks\[root-
of-the-server]__974941ed._
.js:443:31])
